
> ismail@0.0.1 build
> astro build

node.exe : using deprecated parameters for the 
initialization function; pass a single object 
instead
At line:1 char:1
+ & "C:\Program Files\nodejs/node.exe" 
"C:\Program Files\nodejs/node_mo ...
+ ~~~~~~~~~~~~~~~~~~~~~~~~~~~~~~~~~~~~~~~~~~~~~~~
~~~~~~~~~~~~~~~~~~~~~~
    + CategoryInfo          : NotSpecified: (usi 
   ng deprecate... object instead:String) [], R  
  emoteException
    + FullyQualifiedErrorId : NativeCommandError
 
[33m[1m00:20:53[22m [WARN] [vite][39m [36m[plugin:vite-plugin-qwik] [39m[33mcontext method [1memitFile()[22m is not supported in serve mode. This plugin is likely not vite-compatible.[39m
[2m00:20:53[22m [34m[content][39m Syncing content
[2m00:20:53[22m [34m[content][39m Synced content
[2m00:20:53[22m [34m[types][39m Generated [2m79ms[22m
[2m00:20:53[22m [34m[build][39m output: [34m"static"[39m
[2m00:20:53[22m [34m[build][39m mode: [34m"static"[39m
[2m00:20:53[22m [34m[build][39m directory: [34mD:\ismail\dist\[39m
[2m00:20:53[22m [34m[build][39m Collecting build info...
[2m00:20:53[22m [34m[build][39m [32mΓ£ô Completed in 194ms.[39m
[2m00:20:53[22m [34m[build][39m Building static entrypoints...
[33m[1m00:20:55[22m [WARN] [vite][39m [33mCircular chunk: astro/server -> knowledge-graph -> astro/server. Consider disabling the "output.onlyExplicitManualChunks" option, as enabling it causes the static dependencies of the manual chunk "knowledge-graph" to be bundled into the chunk "astro/server".[39m
[2m00:20:55[22m [34m[vite][39m [32mΓ£ô built in 1.51s[39m
[2m00:20:55[22m [34m[build][39m [32mΓ£ô Completed in 1.58s.[39m
[36mvite v6.4.1 [32mbuilding for production...[36m[39m
transforming...
[32mΓ£ô[39m 7 modules transformed.
rendering chunks...
computing gzip size...
[2mdist/[22m[32massets/C2HwN4F2-bundle-graph.json  [39m[1m[2m0.10 kB[22m[1m[22m[2m Γöé gzip: 0.10 kB[22m
[2mdist/[22m[32mq-manifest.json                    [39m[1m[2m2.06 kB[22m[1m[22m[2m Γöé gzip: 0.73 kB[22m
[2mdist/[22m[36mbuild/q-DdGpxfaL.js                [39m[1m[2m0.13 kB[22m[1m[22m[2m Γöé gzip: 0.14 kB[22m
[2mdist/[22m[36mbuild/q-BG0sxujw.js                [39m[1m[2m0.17 kB[22m[1m[22m[2m Γöé gzip: 0.15 kB[22m
[2mdist/[22m[36mbuild/q-naDMFAHy.js                [39m[1m[2m3.10 kB[22m[1m[22m[2m Γöé gzip: 1.68 kB[22m
[2mdist/[22m[36mbuild/q-BAMLJNcO.js                [39m[1m[2m3.78 kB[22m[1m[22m[2m Γöé gzip: 2.02 kB[22m
[2mdist/[22m[36mbuild/q-U5VOiFUC.js                [39m[1m[2m4.34 kB[22m[1m[22m[2m Γöé gzip: 2.16 kB[22m
[32mΓ£ô built in 259ms[39m

[42m[30m generating static routes [39m[49m
Cannot access 'ASTRO_VERSION' before 
initialization
  [1mLocation:[22m
    [4mD:\ismail\node_modules\astro\dist\core\bu
ild\pipeline.js:221:15[24m
  [1mStack trace:[22m
[2m    at createAstro (file:///D:/ismail/dist/ch
unks/astro/server_DxelrPew.mjs:66:26)
    at ModuleJob.run 
(node:internal/modules/esm/module_job:345:25)
    at async BuildPipeline.retrieveSsrEntry (file
:///D:/ismail/node_modules/astro/dist/core/build/
pipeline.js:221:15)
    at async staticBuild (file:///D:/ismail/node_
modules/astro/dist/core/build/static-build.js:87:
5)
    at async AstroBuilder.run (file:///D:/ismail/
node_modules/astro/dist/core/build/index.js:188:7
)[22m
